La Liga harvest — run 173
== discover ==
La Liga: API-Football league 140, season 2026

laliga_clubs.json written (20 clubs)
    ALA  Deportivo Alaves
    ATH  Athletic Club
    ATM  Atletico Madrid
    BAR  Barcelona
    BET  Real Betis
    CEL  Celta Vigo
    DEP  Deportivo La Coruna
    ELC  Elche
    ESP  Espanyol
    GET  Getafe
    LEV  Levante
    MAL  Malaga
    OSA  Osasuna
    RAC  Racing Santander
    RAY  Rayo Vallecano
    RMA  Real Madrid
    RSO  Real Sociedad
    SEV  Sevilla
    VAL  Valencia
    VIL  Villarreal

API-Football: 1 call(s) this run; 189 of 7500 used today (3%), 7311 left
== squads ==
La Liga: API-Football league 140, season 2026
  fetching 20 squads
    Athletic Club               27 players
    Atletico Madrid             28 players
    Barcelona                   28 players
    Celta Vigo                  28 players
    Deportivo Alaves            28 players
    Deportivo La Coruna         27 players
    Elche                       28 players
    Espanyol                    26 players
    Getafe                      29 players
    Levante                     29 players
    Malaga                      27 players
    Osasuna                     27 players
    Racing Santander            33 players
    Rayo Vallecano              31 players
    Real Betis                  27 players
    Real Madrid                 29 players
    Real Sociedad               28 players
    Sevilla                     32 players
    Valencia                    32 players
    Villarreal                  27 players

laliga_players.json written (571 players from 20 clubs, API-Football, LL season 2026)

API-Football: 41 call(s) this run; 50 of 7500 used today (1%), 7450 left
== rosters ==
La Liga: API-Football league 140, season 2026
    Athletic Club               30 players
    Atletico Madrid             33 players
    Barcelona                   32 players
    Celta Vigo                  33 players
    Deportivo Alaves            25 players
    Deportivo La Coruna         31 players
    Elche                       37 players
    Espanyol                    29 players
    Getafe                      34 players
    Levante                     32 players
    Malaga                      33 players
    Osasuna                     27 players
    Racing Santander            33 players
    Rayo Vallecano              33 players
    Real Betis                  30 players
    Real Madrid                 38 players
    Real Sociedad               34 players
    Sevilla                     31 players
    Valencia                    34 players
    Villarreal                  30 players

ll_squads.json written (639 players from 20 clubs, API-Football current rosters)

API-Football: 21 call(s) this run; 71 of 7500 used today (1%), 7429 left
== season-cards ==
La Liga: API-Football league 140, season 2026
  fetching 20 squads
    Athletic Club               27 players
    Atletico Madrid             28 players
    Barcelona                   28 players
    Celta Vigo                  28 players
    Deportivo Alaves            28 players
    Deportivo La Coruna         27 players
    Elche                       28 players
    Espanyol                    26 players
    Getafe                      29 players
    Levante                     29 players
    Malaga                      27 players
    Osasuna                     27 players
    Racing Santander            33 players
    Rayo Vallecano              31 players
    Real Betis                  27 players
    Real Madrid                 29 players
    Real Sociedad               28 players
    Sevilla                     32 players
    Valencia                    32 players
    Villarreal                  27 players

laliga_season_cards.json written (571 players from 20 clubs, API-Football, LL season 2026)

API-Football: 41 call(s) this run; 112 of 7500 used today (1%), 7388 left
== segunda ==
Segunda División: API-Football league 141, season 2025
  not in this desk's club list (19): AD Ceuta FC, Albacete, Almeria, Burgos, Cadiz, Castellón, Cordoba, Cultural Leonesa, Eibar, FC Andorra, Granada CF, Huesca, Las Palmas, Leganes, Mirandes, Real Sociedad II, Sporting Gijon, Valladolid, Zaragoza
  fetching 3 squads
    Deportivo La Coruna         38 players
    Malaga                      32 players
    Racing Santander            40 players

segunda_players.json written (110 players from 3 clubs, API-Football, SEG season 2025)

API-Football: 7 call(s) this run; 119 of 7500 used today (2%), 7381 left
== ref-fixtures ==
La Liga: API-Football league 140, season 2025

laliga_ref_fixtures.js written (380 matches over 20 clubs, 380 with an official named)

API-Football: 1 call(s) this run; 120 of 7500 used today (2%), 7380 left
== fixtures ==
La Liga: API-Football league 140, season 2026
  LL appointments overlay: 1 applied, 55 already harvested
  CHANGED: ALA v GET: harvested 'Manuel Jesus Orellana Cid', published 'Manuel Jesús Orellana' — the harvested name stands
  CHANGED: ESP v LEV: harvested 'Carlos Muniz Munoz', published 'Carlos Muñiz' — the harvested name stands
  CHANGED: RAC v ELC: harvested 'Carlos Muniz Munoz', published 'Carlos Muñiz' — the harvested name stands
  CHANGED: RSO v ESP: harvested 'Manuel Jesus Orellana Cid', published 'Manuel Jesús Orellana' — the harvested name stands
  CHANGED: OSA v GET: harvested 'Jon Ander Gonzalez Esteban', published 'Jon Ander González' — the harvested name stands
  CHANGED: MAL v LEV: harvested 'Luis Bestard Servera', published 'Luis Bestard' — the harvested name stands
  CHANGED: ATH v ELC: harvested 'Manuel Jesus Orellana Cid', published 'Manuel Jesús Orellana' — the harvested name stands
  CHANGED: OSA v ESP: harvested 'Luis Bestard Servera', published 'Luis Bestard' — the harvested name stands
  CHANGED: CEL v MAL: harvested 'Carlos Muniz Munoz', published 'Carlos Muñiz' — the harvested name stands
  CHANGED: LEV v BAR: harvested 'Jon Ander Gonzalez Esteban', published 'Jon Ander González' — the harvested name stands
  CHANGED: ESP v ELC: harvested 'Jon Ander Gonzalez Esteban', published 'Jon Ander González' — the harvested name stands
  CHANGED: OSA v RAY: harvested 'Manuel Jesus Orellana Cid', published 'Manuel Jesús Orellana' — the harvested name stands
  NOTE: no card record for Manuel Jesús Orellana (ALA v GET) — priced at the league rate
  NOTE: no card record for Carlos Muñiz (ESP v LEV) — priced at the league rate
  NOTE: no card record for Carlos Muñiz (RAC v ELC) — priced at the league rate
  NOTE: no card record for Manuel Jesús Orellana (RSO v ESP) — priced at the league rate
  NOTE: no card record for Jon Ander González (OSA v GET) — priced at the league rate
  NOTE: no card record for Luis Bestard (MAL v LEV) — priced at the league rate
  NOTE: no card record for Manuel Jesús Orellana (ATH v ELC) — priced at the league rate
  NOTE: no card record for Luis Bestard (OSA v ESP) — priced at the league rate
  NOTE: no card record for Carlos Muñiz (CEL v MAL) — priced at the league rate
  NOTE: no card record for Jon Ander González (LEV v BAR) — priced at the league rate
  NOTE: no card record for Jon Ander González (ESP v ELC) — priced at the league rate
  NOTE: no card record for Manuel Jesús Orellana (OSA v RAY) — priced at the league rate

laliga_fixtures.js written (380 fixtures over 38 matchdays, 70 with a referee appointed)

API-Football: 1 call(s) this run; 121 of 7500 used today (2%), 7379 left
== build ==
Division: 17 clubs were in it last season, 3 came up
  promoted: Deportivo La Coruna, Malaga, Racing Santander
  LL    484 players from the La Liga feed, 2026-27 form
  SEG   110 players from the Segunda feed, 2025-26 form
  NEW   118 players from the squad fill feed
Reusing the previous build for sources that did not harvest:
  - laliga_squads.json (118 players kept from the previous build)
    6 duplicate row(s) collapsed after the moves, keeping the row with a rate on it
Squads reconciled against the FPL feed: 11 moved, 0 joined, 65 left the division, 17 left alone as ambiguous (712 rows in, 641 out).
    D. Diaz RAC -> RSO
    J. Giménez ATM -> DEP
    José Ángel ESP -> SEV
    Juanpe MAL -> RAY
    Luismi MAL -> DEP
    M. Santos LEV -> ATH
    Pablo García BET -> RAC
    Peio Canales RAC -> ATH
    Sergio Martínez RAC -> RMA
    Víctor García MAL -> LEV
    Yeray Cabanzón RAC -> ATH
    AMBIGUOUS, left at ATM: C. Romero
    AMBIGUOUS, left at CEL: Miguel Román
    AMBIGUOUS, left at ESP: Álex Calatrava
    AMBIGUOUS, left at ESP: J. A. Lopez
    AMBIGUOUS, left at LEV: A. Calatrava
    AMBIGUOUS, left at OSA: Iker Muñoz
    AMBIGUOUS, left at OSA: Rafa
    AMBIGUOUS, left at RAY: I. Alonso Martin
    AMBIGUOUS, left at RAY: M. Roman
    AMBIGUOUS, left at RMA: Álvaro Fernández
    AMBIGUOUS, left at SEV: I. Munoz
    AMBIGUOUS, left at VAL: André Almeida
    AMBIGUOUS, left at VIL: Carlos Romero
    AMBIGUOUS, left at DEP: Rubén
    AMBIGUOUS, left at DEP: Álvaro Fernández
    AMBIGUOUS, left at MAL: Rafa Rodríguez
    AMBIGUOUS, left at CEL: J. Lopez
Photographs: filled 0 from ll_squads.json; 641 of 641 rows carry a face.

club rates from mirror (380 matches)
players: 641  by basis: LL=458, NEW=118, SEG=65
form: LL=2026-27, SEG=2025-26
clubs with players: 20 of 20
club rates from match records: 17 of 20
season cautions (2026-27): 536 players
referees: 20
RESULT: WRITTEN laliga_data.js
== referee-join ==
  merged 20 abbreviated referee names into their full spelling:
    A. Cordero -> Adrian Cordero Vega
    A. Hernandez -> Alejandro Hernandez
    A. Quintero -> Alejandro Quintero Gonzalez
    A. Ruiz -> Alejandro Muñiz Ruiz
    C. Soto Grado -> César Soto Grado
    F. Maeso -> Francisco Hernandez Maeso
    G. Cuadra -> Guillermo Cuadra Fernandez
    I. Diaz -> Isidro Diaz de Mera Escuderos
    I. Galech -> Iosu Galech Apezteguia
    J. Alberola -> Javier Alberola Rojas
    J. Guzman -> Jose Luis Guzman Mansilla
    J. Manzano -> Jesus Gil Manzano
    J. Martinez -> Juan Martinez Munuera
    J. Sanchez -> José María Sánchez Martínez
    M. Busquets -> Mateo Busquets Ferrer
    M. Ortiz -> Miguel Angel Ortiz Arias
    M. Sesma -> Miguel Sesma Espinosa
    R. De Burgos -> Ricardo De Burgos Bengoetxea
    V. Garcia -> Victor Garcia Verdura
    J. Munuera -> José Luis Munuera Montero (the other 1 were already refereeing on dates he worked)
Referee join: 380 of 380 matches got an official from 380 fixtures
La Liga refs: 20 from 380 matches via mirror
  (dropped 1 under 3 matches, skipped 0 rows without card data)
    5.63  0.32 red    -  pen  24.16 fouls  0.233 c/f  19m  Mateo Busquets Ferrer
    5.41  0.41 red    -  pen  25.41 fouls  0.213 c/f  17m  Jose Luis Guzman Mansilla
    5.35  0.55 red    -  pen  26.55 fouls  0.202 c/f  20m  Alejandro Quintero Gonzalez
    5.05  0.45 red    -  pen  24.80 fouls  0.204 c/f  20m  Isidro Diaz de Mera Escuderos
    4.91  0.23 red    -  pen  23.77 fouls  0.206 c/f  22m  Alejandro Hernandez
    4.84  0.37 red    -  pen  28.68 fouls  0.169 c/f  19m  Iosu Galech Apezteguia
    4.83  0.33 red    -  pen  24.61 fouls  0.196 c/f  18m  Alejandro Muñiz Ruiz
    4.53  0.37 red    -  pen  22.68 fouls  0.200 c/f  19m  César Soto Grado
    4.47  0.24 red    -  pen  27.41 fouls  0.163 c/f  17m  José María Sánchez Martínez
    4.44  0.11 red    -  pen  28.44 fouls  0.156 c/f  18m  Juan Martinez Munuera
    4.42  0.21 red    -  pen  24.84 fouls  0.178 c/f  19m  Jesus Gil Manzano
    4.24  0.29 red    -  pen  24.12 fouls  0.176 c/f  17m  Guillermo Cuadra Fernandez
    4.05   0.3 red    -  pen  26.35 fouls  0.154 c/f  20m  Javier Alberola Rojas
    4.05   0.4 red    -  pen  26.65 fouls  0.152 c/f  20m  José Luis Munuera Montero
    4.05   0.2 red    -  pen  22.75 fouls  0.178 c/f  20m  Miguel Angel Ortiz Arias
    3.85  0.05 red    -  pen  23.25 fouls  0.166 c/f  20m  Adrian Cordero Vega
    3.79  0.11 red    -  pen  22.58 fouls  0.168 c/f  19m  Ricardo De Burgos Bengoetxea
     3.6   0.0 red    -  pen  27.10 fouls  0.133 c/f  20m  Miguel Sesma Espinosa
    3.37  0.21 red    -  pen  24.05 fouls  0.140 c/f  19m  Victor Garcia Verdura
    3.19  0.19 red    -  pen  25.19 fouls  0.127 c/f  16m  Francisco Hernandez Maeso

patched the REFS block of laliga_data.js
